nohup: ignoring input
{'user_data': 'elonmusk', 'tweets': ['@amuse Yeah', 'RT @MarioNawfal: 🚨🇺🇸83% OF VOTERS DEMAND SPENDING CUTS\n\nNew poll: 83% of Americans want the government to cut spending instead of raising t…', 'Launch on Friday\n https://t.co/GaLdsH3day', '@Grummz 🔥🔥', '@BasedMikeLee Is that even legal?', 'Yes https://t.co/JilR6sltDe', 'The @Grok app and @X app are both #1\n\nYay!!\n\nUpdate both apps to get the latest functionality! https://t.co/6jh5IdOEXo', 'Polls show that @DOGE is overwhelmingly POPULAR and that government spending should be reduced by at least $1 trillion!! https://t.co/6yvY0gDOUE', 'RT @RapidResponse47: SO TRUE! https://t.co/dpzcyfQom5', '@BasedMikeLee Yes'], 'timestamp': '2025-02-25T01:12:01.362820'}
